// Jest Snapshot v1, https://goo.gl/fbAQLP

exports[`Components > Modification > Variants 1`] = `
<Fragment>
  <H5>
    Active in scenarios
  </H5>
  <Stack
    mb={4}
    spacing={2}
  >
    <Checkbox
      isChecked={true}
      key="0-a"
      name="a"
      onChange={[Function]}
      value={0}
    >
      0
      . 
      a
    </Checkbox>
    <Checkbox
      isChecked={false}
      key="1-b"
      name="b"
      onChange={[Function]}
      value={1}
    >
      1
      . 
      b
    </Checkbox>
  </Stack>
</Fragment>
`;
